2026-09-11 12:56:54 [main] INFO  org.example.Main - vida del rattata: 13
2026-09-11 12:56:54 [main] INFO  org.example.Main - vida del pokemon 26
2026-09-11 12:56:54 [main] INFO  org.example.Main - vida del rattata: -4
2026-09-11 12:56:54 [main] INFO  org.example.Main - Iniciando entrenamiento masivo
2026-09-11 12:56:54 [main] INFO  org.example.Main - Estado de memoria antes de la lógica del método
2026-09-11 12:57:01 [main] INFO  org.example.Main - estado de la memoria despues de la lógica del método
2026-09-11 12:58:07 [main] INFO  org.example.Main - vida del rattata: 13
2026-09-11 12:58:07 [main] INFO  org.example.Main - vida del pokemon 26
2026-09-11 12:58:07 [main] INFO  org.example.Main - vida del rattata: -4
2026-09-11 12:58:07 [main] INFO  org.example.Main - Iniciando entrenamiento masivo
2026-09-11 12:58:07 [main] INFO  org.example.Main - Estado de memoria antes de la lógica del método
2026-09-11 12:58:10 [main] INFO  org.example.Main - estado de la memoria despues de la lógica del método
2026-09-11 12:59:02 [main] INFO  org.example.Main - vida del rattata: 13
2026-09-11 12:59:02 [main] INFO  org.example.Main - vida del pokemon 26
2026-09-11 12:59:02 [main] INFO  org.example.Main - vida del rattata: -4
2026-09-11 12:59:02 [main] INFO  org.example.Main - Iniciando entrenamiento masivo
2026-09-11 12:59:02 [main] INFO  org.example.Main - Estado de memoria antes de la lógica del método
2026-09-11 12:59:06 [main] INFO  org.example.Main - estado de la memoria despues de la lógica del método
2026-09-11 13:01:22 [main] INFO  org.example.Main - vida del rattata: 13
2026-09-11 13:01:22 [main] INFO  org.example.Main - vida del pokemon 26
2026-09-11 13:01:22 [main] INFO  org.example.Main - vida del rattata: -4
2026-09-11 13:01:22 [main] INFO  org.example.Main - Iniciando entrenamiento masivo
2026-09-11 13:01:22 [main] INFO  org.example.Main - Estado de memoria antes de la lógica del método
2026-09-11 13:01:25 [main] INFO  org.example.Main - estado de la memoria despues de la lógica del método
2026-09-11 13:02:00 [main] INFO  org.example.Main - vida del rattata: 13
2026-09-11 13:02:00 [main] INFO  org.example.Main - vida del pokemon 26
2026-09-11 13:02:00 [main] INFO  org.example.Main - vida del rattata: -4
2026-09-11 13:02:00 [main] INFO  org.example.Main - Iniciando entrenamiento masivo
2026-09-11 13:02:00 [main] INFO  org.example.Main - Estado de memoria antes de la lógica del método
2026-09-11 13:02:04 [main] INFO  org.example.Main - estado de la memoria despues de la lógica del método
2026-09-11 13:03:51 [main] INFO  org.example.Main - vida del rattata: 13
2026-09-11 13:03:51 [main] INFO  org.example.Main - vida del pokemon 26
2026-09-11 13:03:51 [main] INFO  org.example.Main - vida del rattata: -4
2026-09-11 13:03:51 [main] INFO  org.example.Main - Iniciando entrenamiento masivo
2026-09-11 13:03:51 [main] INFO  org.example.Main - Estado de memoria antes de la lógica del método
2026-09-11 13:03:54 [main] INFO  org.example.Main - estado de la memoria despues de la lógica del método
2026-09-11 13:05:45 [main] INFO  org.example.Main - vida del rattata: 13
2026-09-11 13:05:45 [main] INFO  org.example.Main - vida del pokemon 26
2026-09-11 13:05:45 [main] INFO  org.example.Main - vida del rattata: -4
2026-09-11 13:07:06 [main] INFO  org.example.Main - vida del rattata: 13
2026-09-11 13:07:06 [main] INFO  org.example.Main - vida del pokemon 26
2026-09-11 13:07:06 [main] INFO  org.example.Main - vida del rattata: -4
